// Jest Snapshot v1, https://goo.gl/fbAQLP

exports[`App snapshot should match 1`] = `
Array [
  " ",
  <main>
    <h1
      className="title"
    >
       PROFILE
    </h1>
    <div
      className="center"
    >
      <div
        className="center__left"
      >
        <section
          className="left-side"
        >
          <div
            className="text"
          >
            Name: 
          </div>
          <div
            className="text"
          >
            Gender: 
          </div>
          <div
            className="text"
          >
            Age: 
          </div>
          <div
            className="text"
          >
            City: 
          </div>
          <div
            className="text"
          >
            Country: 
          </div>
          <div
            className="text"
          >
            Civil state: 
          </div>
          <div
            className="text"
          >
            Sons: 
          </div>
          <div
            className="text"
          >
            Job: 
          </div>
          <div
            className="buttons"
          >
            <button
              className="buttonE-mail"
            />
            <button
              className="buttonChat"
            />
          </div>
        </section>
        <section
          className="center-side"
        >
          <img
            alt=""
            className="image"
          />
        </section>
      </div>
      <section
        className="right-side"
      >
        <img
          alt=""
        />
        <img
          alt=""
        />
      </section>
    </div>
    <div
      className="presentation"
    />
  </main>,
]
`;
